        line1
        line2
        line3

          line1
          line2
          line3
